root@hermantest:/home/herman# git clone https://github.com/wekontrol/finance.ao
cd finance.ao
sudo bash deploy.sh
Cloning into 'finance.ao'...
remote: Enumerating objects: 323, done.
remote: Counting objects: 100% (323/323), done.
remote: Compressing objects: 100% (220/220), done.
remote: Total 323 (delta 169), reused 247 (delta 97), pack-reused 0 (from 0)
Receiving objects: 100% (323/323), 1.07 MiB | 1.00 MiB/s, done.
Resolving deltas: 100% (169/169), done.
>>> [1/7] Atualizando sistema...
Get:1 http://security.ubuntu.com/ubuntu noble-security InRelease [126 kB]
Hit:2 http://ao.archive.ubuntu.com/ubuntu noble InRelease
Get:3 http://ao.archive.ubuntu.com/ubuntu noble-updates InRelease [126 kB]
Get:4 http://security.ubuntu.com/ubuntu noble-security/main amd64 Packages [1,340 kB]
Get:5 http://ao.archive.ubuntu.com/ubuntu noble-backports InRelease [126 kB]
Get:6 http://security.ubuntu.com/ubuntu noble-security/main Translation-en [219 kB]
Get:7 http://security.ubuntu.com/ubuntu noble-security/main amd64 Components [21.5 kB]
Get:8 http://security.ubuntu.com/ubuntu noble-security/main amd64 c-n-f Metadata [9,452 B]
Get:9 http://security.ubuntu.com/ubuntu noble-security/restricted amd64 Components [212 B]
Get:10 http://security.ubuntu.com/ubuntu noble-security/universe amd64 Packages [915 kB]
Get:11 http://ao.archive.ubuntu.com/ubuntu noble-updates/main amd64 Packages [1,620 kB]
Get:12 http://security.ubuntu.com/ubuntu noble-security/universe Translation-en [206 kB]
Get:13 http://security.ubuntu.com/ubuntu noble-security/universe amd64 Components [71.5 kB]
Get:14 http://security.ubuntu.com/ubuntu noble-security/universe amd64 c-n-f Metadata [19.5 kB]
Get:15 http://security.ubuntu.com/ubuntu noble-security/multiverse amd64 Components [212 B]
Get:16 http://ao.archive.ubuntu.com/ubuntu noble-updates/main amd64 Components [175 kB]
Get:17 http://ao.archive.ubuntu.com/ubuntu noble-updates/main amd64 c-n-f Metadata [15.7 kB]
Get:18 http://ao.archive.ubuntu.com/ubuntu noble-updates/restricted amd64 Components [212 B]
Get:19 http://ao.archive.ubuntu.com/ubuntu noble-updates/universe amd64 Packages [1,500 kB]
Get:20 http://ao.archive.ubuntu.com/ubuntu noble-updates/universe amd64 Components [377 kB]
Get:21 http://ao.archive.ubuntu.com/ubuntu noble-updates/universe amd64 c-n-f Metadata [31.4 kB]
Get:22 http://ao.archive.ubuntu.com/ubuntu noble-updates/multiverse amd64 Components [940 B]
Get:23 http://ao.archive.ubuntu.com/ubuntu noble-backports/main amd64 Components [7,156 B]
Get:24 http://ao.archive.ubuntu.com/ubuntu noble-backports/restricted amd64 Components [216 B]
Get:25 http://ao.archive.ubuntu.com/ubuntu noble-backports/universe amd64 Packages [29.2 kB]
Get:26 http://ao.archive.ubuntu.com/ubuntu noble-backports/universe Translation-en [17.6 kB]
Get:27 http://ao.archive.ubuntu.com/ubuntu noble-backports/universe amd64 Components [11.0 kB]
Get:28 http://ao.archive.ubuntu.com/ubuntu noble-backports/multiverse amd64 Components [212 B]
Fetched 6,966 kB in 4s (1,576 kB/s)
Reading package lists... Done
Reading package lists... Done
Building dependency tree... Done
Reading state information... Done
curl is already the newest version (8.5.0-2ubuntu10.6).
curl set to manually installed.
git is already the newest version (1:2.43.0-1ubuntu7.3).
git set to manually installed.
The following additional packages will be installed:
  binutils binutils-common binutils-x86-64-linux-gnu bzip2 cpp cpp-13 cpp-13-x86-64-linux-gnu cpp-x86-64-linux-gnu
  dpkg-dev fakeroot g++ g++-13 g++-13-x86-64-linux-gnu g++-x86-64-linux-gnu gcc gcc-13 gcc-13-base
  gcc-13-x86-64-linux-gnu gcc-x86-64-linux-gnu libalgorithm-diff-perl libalgorithm-diff-xs-perl
  libalgorithm-merge-perl libasan8 libatomic1 libbinutils libcc1-0 libctf-nobfd0 libctf0 libdpkg-perl libfakeroot
  libfile-fcntllock-perl libgcc-13-dev libgomp1 libgprofng0 libhwasan0 libisl23 libitm1 liblsan0 libmpc3
  libquadmath0 libsframe1 libstdc++-13-dev libtsan2 libubsan1 lto-disabled-list make
Suggested packages:
  binutils-doc gprofng-gui bzip2-doc cpp-doc gcc-13-locales cpp-13-doc debian-keyring g++-multilib g++-13-multilib
  gcc-13-doc gcc-multilib autoconf automake libtool flex bison gdb gcc-doc gcc-13-multilib gdb-x86-64-linux-gnu bzr
  libstdc++-13-doc make-doc
The following NEW packages will be installed:
  binutils binutils-common binutils-x86-64-linux-gnu build-essential bzip2 cpp cpp-13 cpp-13-x86-64-linux-gnu
  cpp-x86-64-linux-gnu dpkg-dev fakeroot g++ g++-13 g++-13-x86-64-linux-gnu g++-x86-64-linux-gnu gcc gcc-13
  gcc-13-base gcc-13-x86-64-linux-gnu gcc-x86-64-linux-gnu libalgorithm-diff-perl libalgorithm-diff-xs-perl
  libalgorithm-merge-perl libasan8 libatomic1 libbinutils libcc1-0 libctf-nobfd0 libctf0 libdpkg-perl libfakeroot
  libfile-fcntllock-perl libgcc-13-dev libgomp1 libgprofng0 libhwasan0 libisl23 libitm1 liblsan0 libmpc3
  libquadmath0 libsframe1 libstdc++-13-dev libtsan2 libubsan1 lto-disabled-list make
0 upgraded, 47 newly installed, 0 to remove and 0 not upgraded.
Need to get 66.9 MB of archives.
After this operation, 228 MB of additional disk space will be used.
Get:1 http://ao.archive.ubuntu.com/ubuntu noble-updates/main amd64 binutils-common amd64 2.42-4ubuntu2.6 [240 kB]
Get:2 http://ao.archive.ubuntu.com/ubuntu noble-updates/main amd64 libsframe1 amd64 2.42-4ubuntu2.6 [15.6 kB]
Get:3 http://ao.archive.ubuntu.com/ubuntu noble-updates/main amd64 libbinutils amd64 2.42-4ubuntu2.6 [577 kB]
Get:4 http://ao.archive.ubuntu.com/ubuntu noble-updates/main amd64 libctf-nobfd0 amd64 2.42-4ubuntu2.6 [97.9 kB]
Get:5 http://ao.archive.ubuntu.com/ubuntu noble-updates/main amd64 libctf0 amd64 2.42-4ubuntu2.6 [94.5 kB]
Get:6 http://ao.archive.ubuntu.com/ubuntu noble-updates/main amd64 libgprofng0 amd64 2.42-4ubuntu2.6 [849 kB]
Get:7 http://ao.archive.ubuntu.com/ubuntu noble-updates/main amd64 binutils-x86-64-linux-gnu amd64 2.42-4ubuntu2.6 [2,463 kB]
Get:8 http://ao.archive.ubuntu.com/ubuntu noble-updates/main amd64 binutils amd64 2.42-4ubuntu2.6 [18.1 kB]
Get:9 http://ao.archive.ubuntu.com/ubuntu noble-updates/main amd64 gcc-13-base amd64 13.3.0-6ubuntu2~24.04 [51.5 kB]
Get:10 http://ao.archive.ubuntu.com/ubuntu noble-updates/main amd64 libisl23 amd64 0.26-3build1.1 [680 kB]
Get:11 http://ao.archive.ubuntu.com/ubuntu noble-updates/main amd64 libmpc3 amd64 1.3.1-1build1.1 [54.6 kB]
Get:12 http://ao.archive.ubuntu.com/ubuntu noble-updates/main amd64 cpp-13-x86-64-linux-gnu amd64 13.3.0-6ubuntu2~24.04 [10.7 MB]
Get:13 http://ao.archive.ubuntu.com/ubuntu noble-updates/main amd64 cpp-13 amd64 13.3.0-6ubuntu2~24.04 [1,038 B]
Get:14 http://ao.archive.ubuntu.com/ubuntu noble/main amd64 cpp-x86-64-linux-gnu amd64 4:13.2.0-7ubuntu1 [5,326 B]
Get:15 http://ao.archive.ubuntu.com/ubuntu noble/main amd64 cpp amd64 4:13.2.0-7ubuntu1 [22.4 kB]
Get:16 http://ao.archive.ubuntu.com/ubuntu noble-updates/main amd64 libcc1-0 amd64 14.2.0-4ubuntu2~24.04 [48.0 kB]
Get:17 http://ao.archive.ubuntu.com/ubuntu noble-updates/main amd64 libgomp1 amd64 14.2.0-4ubuntu2~24.04 [148 kB]
Get:18 http://ao.archive.ubuntu.com/ubuntu noble-updates/main amd64 libitm1 amd64 14.2.0-4ubuntu2~24.04 [29.7 kB]
Get:19 http://ao.archive.ubuntu.com/ubuntu noble-updates/main amd64 libatomic1 amd64 14.2.0-4ubuntu2~24.04 [10.5 kB]
Get:20 http://ao.archive.ubuntu.com/ubuntu noble-updates/main amd64 libasan8 amd64 14.2.0-4ubuntu2~24.04 [3,031 kB]
Get:21 http://ao.archive.ubuntu.com/ubuntu noble-updates/main amd64 liblsan0 amd64 14.2.0-4ubuntu2~24.04 [1,322 kB]
Get:22 http://ao.archive.ubuntu.com/ubuntu noble-updates/main amd64 libtsan2 amd64 14.2.0-4ubuntu2~24.04 [2,772 kB]
Get:23 http://ao.archive.ubuntu.com/ubuntu noble-updates/main amd64 libubsan1 amd64 14.2.0-4ubuntu2~24.04 [1,184 kB]
Get:24 http://ao.archive.ubuntu.com/ubuntu noble-updates/main amd64 libhwasan0 amd64 14.2.0-4ubuntu2~24.04 [1,641 kB]
Get:25 http://ao.archive.ubuntu.com/ubuntu noble-updates/main amd64 libquadmath0 amd64 14.2.0-4ubuntu2~24.04 [153 kB]
Get:26 http://ao.archive.ubuntu.com/ubuntu noble-updates/main amd64 libgcc-13-dev amd64 13.3.0-6ubuntu2~24.04 [2,681 kB]
Get:27 http://ao.archive.ubuntu.com/ubuntu noble-updates/main amd64 gcc-13-x86-64-linux-gnu amd64 13.3.0-6ubuntu2~24.04 [21.1 MB]
Get:28 http://ao.archive.ubuntu.com/ubuntu noble-updates/main amd64 gcc-13 amd64 13.3.0-6ubuntu2~24.04 [494 kB]
Get:29 http://ao.archive.ubuntu.com/ubuntu noble/main amd64 gcc-x86-64-linux-gnu amd64 4:13.2.0-7ubuntu1 [1,212 B]
Get:30 http://ao.archive.ubuntu.com/ubuntu noble/main amd64 gcc amd64 4:13.2.0-7ubuntu1 [5,018 B]
Get:31 http://ao.archive.ubuntu.com/ubuntu noble-updates/main amd64 libstdc++-13-dev amd64 13.3.0-6ubuntu2~24.04 [2,420 kB]
Get:32 http://ao.archive.ubuntu.com/ubuntu noble-updates/main amd64 g++-13-x86-64-linux-gnu amd64 13.3.0-6ubuntu2~24.04 [12.2 MB]
Get:33 http://ao.archive.ubuntu.com/ubuntu noble-updates/main amd64 g++-13 amd64 13.3.0-6ubuntu2~24.04 [16.1 kB]
Get:34 http://ao.archive.ubuntu.com/ubuntu noble/main amd64 g++-x86-64-linux-gnu amd64 4:13.2.0-7ubuntu1 [964 B]
Get:35 http://ao.archive.ubuntu.com/ubuntu noble/main amd64 g++ amd64 4:13.2.0-7ubuntu1 [1,100 B]
Get:36 http://ao.archive.ubuntu.com/ubuntu noble/main amd64 make amd64 4.3-4.1build2 [180 kB]
Get:37 http://ao.archive.ubuntu.com/ubuntu noble-updates/main amd64 libdpkg-perl all 1.22.6ubuntu6.5 [269 kB]
Get:38 http://ao.archive.ubuntu.com/ubuntu noble-updates/main amd64 bzip2 amd64 1.0.8-5.1build0.1 [34.5 kB]
Get:39 http://ao.archive.ubuntu.com/ubuntu noble/main amd64 lto-disabled-list all 47 [12.4 kB]
Get:40 http://ao.archive.ubuntu.com/ubuntu noble-updates/main amd64 dpkg-dev all 1.22.6ubuntu6.5 [1,074 kB]
Get:41 http://ao.archive.ubuntu.com/ubuntu noble/main amd64 build-essential amd64 12.10ubuntu1 [4,928 B]
Get:42 http://ao.archive.ubuntu.com/ubuntu noble/main amd64 libfakeroot amd64 1.33-1 [32.4 kB]
Get:43 http://ao.archive.ubuntu.com/ubuntu noble/main amd64 fakeroot amd64 1.33-1 [67.2 kB]
Get:44 http://ao.archive.ubuntu.com/ubuntu noble/main amd64 libalgorithm-diff-perl all 1.201-1 [41.8 kB]
Get:45 http://ao.archive.ubuntu.com/ubuntu noble/main amd64 libalgorithm-diff-xs-perl amd64 0.04-8build3 [11.2 kB]
Get:46 http://ao.archive.ubuntu.com/ubuntu noble/main amd64 libalgorithm-merge-perl all 0.08-5 [11.4 kB]
Get:47 http://ao.archive.ubuntu.com/ubuntu noble/main amd64 libfile-fcntllock-perl amd64 0.22-4ubuntu5 [30.7 kB]
Fetched 66.9 MB in 12s (5,384 kB/s)
Extracting templates from packages: 100%
Selecting previously unselected package binutils-common:amd64.
(Reading database ... 87328 files and directories currently installed.)
Preparing to unpack .../00-binutils-common_2.42-4ubuntu2.6_amd64.deb ...
Unpacking binutils-common:amd64 (2.42-4ubuntu2.6) ...
Selecting previously unselected package libsframe1:amd64.
Preparing to unpack .../01-libsframe1_2.42-4ubuntu2.6_amd64.deb ...
Unpacking libsframe1:amd64 (2.42-4ubuntu2.6) ...
Selecting previously unselected package libbinutils:amd64.
Preparing to unpack .../02-libbinutils_2.42-4ubuntu2.6_amd64.deb ...
Unpacking libbinutils:amd64 (2.42-4ubuntu2.6) ...
Selecting previously unselected package libctf-nobfd0:amd64.
Preparing to unpack .../03-libctf-nobfd0_2.42-4ubuntu2.6_amd64.deb ...
Unpacking libctf-nobfd0:amd64 (2.42-4ubuntu2.6) ...
Selecting previously unselected package libctf0:amd64.
Preparing to unpack .../04-libctf0_2.42-4ubuntu2.6_amd64.deb ...
Unpacking libctf0:amd64 (2.42-4ubuntu2.6) ...
Selecting previously unselected package libgprofng0:amd64.
Preparing to unpack .../05-libgprofng0_2.42-4ubuntu2.6_amd64.deb ...
Unpacking libgprofng0:amd64 (2.42-4ubuntu2.6) ...
Selecting previously unselected package binutils-x86-64-linux-gnu.
Preparing to unpack .../06-binutils-x86-64-linux-gnu_2.42-4ubuntu2.6_amd64.deb ...
Unpacking binutils-x86-64-linux-gnu (2.42-4ubuntu2.6) ...
Selecting previously unselected package binutils.
Preparing to unpack .../07-binutils_2.42-4ubuntu2.6_amd64.deb ...
Unpacking binutils (2.42-4ubuntu2.6) ...
Selecting previously unselected package gcc-13-base:amd64.
Preparing to unpack .../08-gcc-13-base_13.3.0-6ubuntu2~24.04_amd64.deb ...
Unpacking gcc-13-base:amd64 (13.3.0-6ubuntu2~24.04) ...
Selecting previously unselected package libisl23:amd64.
Preparing to unpack .../09-libisl23_0.26-3build1.1_amd64.deb ...
Unpacking libisl23:amd64 (0.26-3build1.1) ...
Selecting previously unselected package libmpc3:amd64.
Preparing to unpack .../10-libmpc3_1.3.1-1build1.1_amd64.deb ...
Unpacking libmpc3:amd64 (1.3.1-1build1.1) ...
Selecting previously unselected package cpp-13-x86-64-linux-gnu.
Preparing to unpack .../11-cpp-13-x86-64-linux-gnu_13.3.0-6ubuntu2~24.04_amd64.deb ...
Unpacking cpp-13-x86-64-linux-gnu (13.3.0-6ubuntu2~24.04) ...
Selecting previously unselected package cpp-13.
Preparing to unpack .../12-cpp-13_13.3.0-6ubuntu2~24.04_amd64.deb ...
Unpacking cpp-13 (13.3.0-6ubuntu2~24.04) ...
Selecting previously unselected package cpp-x86-64-linux-gnu.
Preparing to unpack .../13-cpp-x86-64-linux-gnu_4%3a13.2.0-7ubuntu1_amd64.deb ...
Unpacking cpp-x86-64-linux-gnu (4:13.2.0-7ubuntu1) ...
Selecting previously unselected package cpp.
Preparing to unpack .../14-cpp_4%3a13.2.0-7ubuntu1_amd64.deb ...
Unpacking cpp (4:13.2.0-7ubuntu1) ...
Selecting previously unselected package libcc1-0:amd64.
Preparing to unpack .../15-libcc1-0_14.2.0-4ubuntu2~24.04_amd64.deb ...
Unpacking libcc1-0:amd64 (14.2.0-4ubuntu2~24.04) ...
Selecting previously unselected package libgomp1:amd64.
Preparing to unpack .../16-libgomp1_14.2.0-4ubuntu2~24.04_amd64.deb ...
Unpacking libgomp1:amd64 (14.2.0-4ubuntu2~24.04) ...
Selecting previously unselected package libitm1:amd64.
Preparing to unpack .../17-libitm1_14.2.0-4ubuntu2~24.04_amd64.deb ...
Unpacking libitm1:amd64 (14.2.0-4ubuntu2~24.04) ...
Selecting previously unselected package libatomic1:amd64.
Preparing to unpack .../18-libatomic1_14.2.0-4ubuntu2~24.04_amd64.deb ...
Unpacking libatomic1:amd64 (14.2.0-4ubuntu2~24.04) ...
Selecting previously unselected package libasan8:amd64.
Preparing to unpack .../19-libasan8_14.2.0-4ubuntu2~24.04_amd64.deb ...
Unpacking libasan8:amd64 (14.2.0-4ubuntu2~24.04) ...
Selecting previously unselected package liblsan0:amd64.
Preparing to unpack .../20-liblsan0_14.2.0-4ubuntu2~24.04_amd64.deb ...
Unpacking liblsan0:amd64 (14.2.0-4ubuntu2~24.04) ...
Selecting previously unselected package libtsan2:amd64.
Preparing to unpack .../21-libtsan2_14.2.0-4ubuntu2~24.04_amd64.deb ...
Unpacking libtsan2:amd64 (14.2.0-4ubuntu2~24.04) ...
Selecting previously unselected package libubsan1:amd64.
Preparing to unpack .../22-libubsan1_14.2.0-4ubuntu2~24.04_amd64.deb ...
Unpacking libubsan1:amd64 (14.2.0-4ubuntu2~24.04) ...
Selecting previously unselected package libhwasan0:amd64.
Preparing to unpack .../23-libhwasan0_14.2.0-4ubuntu2~24.04_amd64.deb ...
Unpacking libhwasan0:amd64 (14.2.0-4ubuntu2~24.04) ...
Selecting previously unselected package libquadmath0:amd64.
Preparing to unpack .../24-libquadmath0_14.2.0-4ubuntu2~24.04_amd64.deb ...
Unpacking libquadmath0:amd64 (14.2.0-4ubuntu2~24.04) ...
Selecting previously unselected package libgcc-13-dev:amd64.
Preparing to unpack .../25-libgcc-13-dev_13.3.0-6ubuntu2~24.04_amd64.deb ...
Unpacking libgcc-13-dev:amd64 (13.3.0-6ubuntu2~24.04) ...
Selecting previously unselected package gcc-13-x86-64-linux-gnu.
Preparing to unpack .../26-gcc-13-x86-64-linux-gnu_13.3.0-6ubuntu2~24.04_amd64.deb ...
Unpacking gcc-13-x86-64-linux-gnu (13.3.0-6ubuntu2~24.04) ...
Selecting previously unselected package gcc-13.
Preparing to unpack .../27-gcc-13_13.3.0-6ubuntu2~24.04_amd64.deb ...
Unpacking gcc-13 (13.3.0-6ubuntu2~24.04) ...
Selecting previously unselected package gcc-x86-64-linux-gnu.
Preparing to unpack .../28-gcc-x86-64-linux-gnu_4%3a13.2.0-7ubuntu1_amd64.deb ...
Unpacking gcc-x86-64-linux-gnu (4:13.2.0-7ubuntu1) ...
Selecting previously unselected package gcc.
Preparing to unpack .../29-gcc_4%3a13.2.0-7ubuntu1_amd64.deb ...
Unpacking gcc (4:13.2.0-7ubuntu1) ...
Selecting previously unselected package libstdc++-13-dev:amd64.
Preparing to unpack .../30-libstdc++-13-dev_13.3.0-6ubuntu2~24.04_amd64.deb ...
Unpacking libstdc++-13-dev:amd64 (13.3.0-6ubuntu2~24.04) ...
Selecting previously unselected package g++-13-x86-64-linux-gnu.
Preparing to unpack .../31-g++-13-x86-64-linux-gnu_13.3.0-6ubuntu2~24.04_amd64.deb ...
Unpacking g++-13-x86-64-linux-gnu (13.3.0-6ubuntu2~24.04) ...
Selecting previously unselected package g++-13.
Preparing to unpack .../32-g++-13_13.3.0-6ubuntu2~24.04_amd64.deb ...
Unpacking g++-13 (13.3.0-6ubuntu2~24.04) ...
Selecting previously unselected package g++-x86-64-linux-gnu.
Preparing to unpack .../33-g++-x86-64-linux-gnu_4%3a13.2.0-7ubuntu1_amd64.deb ...
Unpacking g++-x86-64-linux-gnu (4:13.2.0-7ubuntu1) ...
Selecting previously unselected package g++.
Preparing to unpack .../34-g++_4%3a13.2.0-7ubuntu1_amd64.deb ...
Unpacking g++ (4:13.2.0-7ubuntu1) ...
Selecting previously unselected package make.
Preparing to unpack .../35-make_4.3-4.1build2_amd64.deb ...
Unpacking make (4.3-4.1build2) ...
Selecting previously unselected package libdpkg-perl.
Preparing to unpack .../36-libdpkg-perl_1.22.6ubuntu6.5_all.deb ...
Unpacking libdpkg-perl (1.22.6ubuntu6.5) ...
Selecting previously unselected package bzip2.
Preparing to unpack .../37-bzip2_1.0.8-5.1build0.1_amd64.deb ...
Unpacking bzip2 (1.0.8-5.1build0.1) ...
Selecting previously unselected package lto-disabled-list.
Preparing to unpack .../38-lto-disabled-list_47_all.deb ...
Unpacking lto-disabled-list (47) ...
Selecting previously unselected package dpkg-dev.
Preparing to unpack .../39-dpkg-dev_1.22.6ubuntu6.5_all.deb ...
Unpacking dpkg-dev (1.22.6ubuntu6.5) ...
Selecting previously unselected package build-essential.
Preparing to unpack .../40-build-essential_12.10ubuntu1_amd64.deb ...
Unpacking build-essential (12.10ubuntu1) ...
Selecting previously unselected package libfakeroot:amd64.
Preparing to unpack .../41-libfakeroot_1.33-1_amd64.deb ...
Unpacking libfakeroot:amd64 (1.33-1) ...
Selecting previously unselected package fakeroot.
Preparing to unpack .../42-fakeroot_1.33-1_amd64.deb ...
Unpacking fakeroot (1.33-1) ...
Selecting previously unselected package libalgorithm-diff-perl.
Preparing to unpack .../43-libalgorithm-diff-perl_1.201-1_all.deb ...
Unpacking libalgorithm-diff-perl (1.201-1) ...
Selecting previously unselected package libalgorithm-diff-xs-perl:amd64.
Preparing to unpack .../44-libalgorithm-diff-xs-perl_0.04-8build3_amd64.deb ...
Unpacking libalgorithm-diff-xs-perl:amd64 (0.04-8build3) ...
Selecting previously unselected package libalgorithm-merge-perl.
Preparing to unpack .../45-libalgorithm-merge-perl_0.08-5_all.deb ...
Unpacking libalgorithm-merge-perl (0.08-5) ...
Selecting previously unselected package libfile-fcntllock-perl.
Preparing to unpack .../46-libfile-fcntllock-perl_0.22-4ubuntu5_amd64.deb ...
Unpacking libfile-fcntllock-perl (0.22-4ubuntu5) ...
Setting up lto-disabled-list (47) ...
Setting up libfile-fcntllock-perl (0.22-4ubuntu5) ...
Setting up libalgorithm-diff-perl (1.201-1) ...
Setting up binutils-common:amd64 (2.42-4ubuntu2.6) ...
Setting up libctf-nobfd0:amd64 (2.42-4ubuntu2.6) ...
Setting up libgomp1:amd64 (14.2.0-4ubuntu2~24.04) ...
Setting up bzip2 (1.0.8-5.1build0.1) ...
Setting up libsframe1:amd64 (2.42-4ubuntu2.6) ...
Setting up libfakeroot:amd64 (1.33-1) ...
Setting up fakeroot (1.33-1) ...
update-alternatives: using /usr/bin/fakeroot-sysv to provide /usr/bin/fakeroot (fakeroot) in auto mode
Setting up gcc-13-base:amd64 (13.3.0-6ubuntu2~24.04) ...
Setting up make (4.3-4.1build2) ...
Setting up libquadmath0:amd64 (14.2.0-4ubuntu2~24.04) ...
Setting up libmpc3:amd64 (1.3.1-1build1.1) ...
Setting up libatomic1:amd64 (14.2.0-4ubuntu2~24.04) ...
Setting up libdpkg-perl (1.22.6ubuntu6.5) ...
Setting up libubsan1:amd64 (14.2.0-4ubuntu2~24.04) ...
Setting up libhwasan0:amd64 (14.2.0-4ubuntu2~24.04) ...
Setting up libasan8:amd64 (14.2.0-4ubuntu2~24.04) ...
Setting up libtsan2:amd64 (14.2.0-4ubuntu2~24.04) ...
Setting up libbinutils:amd64 (2.42-4ubuntu2.6) ...
Setting up libisl23:amd64 (0.26-3build1.1) ...
Setting up libalgorithm-diff-xs-perl:amd64 (0.04-8build3) ...
Setting up libcc1-0:amd64 (14.2.0-4ubuntu2~24.04) ...
Setting up liblsan0:amd64 (14.2.0-4ubuntu2~24.04) ...
Setting up libitm1:amd64 (14.2.0-4ubuntu2~24.04) ...
Setting up libalgorithm-merge-perl (0.08-5) ...
Setting up libctf0:amd64 (2.42-4ubuntu2.6) ...
Setting up cpp-13-x86-64-linux-gnu (13.3.0-6ubuntu2~24.04) ...
Setting up libgprofng0:amd64 (2.42-4ubuntu2.6) ...
Setting up libgcc-13-dev:amd64 (13.3.0-6ubuntu2~24.04) ...
Setting up libstdc++-13-dev:amd64 (13.3.0-6ubuntu2~24.04) ...
Setting up binutils-x86-64-linux-gnu (2.42-4ubuntu2.6) ...
Setting up cpp-x86-64-linux-gnu (4:13.2.0-7ubuntu1) ...
Setting up cpp-13 (13.3.0-6ubuntu2~24.04) ...
Setting up gcc-13-x86-64-linux-gnu (13.3.0-6ubuntu2~24.04) ...
Setting up binutils (2.42-4ubuntu2.6) ...
Setting up dpkg-dev (1.22.6ubuntu6.5) ...
Setting up gcc-13 (13.3.0-6ubuntu2~24.04) ...
Setting up cpp (4:13.2.0-7ubuntu1) ...
Setting up g++-13-x86-64-linux-gnu (13.3.0-6ubuntu2~24.04) ...
Setting up gcc-x86-64-linux-gnu (4:13.2.0-7ubuntu1) ...
Setting up gcc (4:13.2.0-7ubuntu1) ...
Setting up g++-x86-64-linux-gnu (4:13.2.0-7ubuntu1) ...
Setting up g++-13 (13.3.0-6ubuntu2~24.04) ...
Setting up g++ (4:13.2.0-7ubuntu1) ...
update-alternatives: using /usr/bin/g++ to provide /usr/bin/c++ (c++) in auto mode
Setting up build-essential (12.10ubuntu1) ...
Processing triggers for man-db (2.12.0-4build2) ...
Processing triggers for libc-bin (2.39-0ubuntu8.6) ...
Scanning processes...
Scanning candidates...
Scanning linux images...

Running kernel seems to be up-to-date.

Restarting services...

Service restarts being deferred:
 /etc/needrestart/restart.d/dbus.service
 systemctl restart systemd-logind.service
 systemctl restart unattended-upgrades.service

No containers need to be restarted.

User sessions running outdated binaries:
 herman @ session #2: login[865]
 herman @ user manager service: systemd[1180]

No VM guests are running outdated hypervisor (qemu) binaries on this host.
>>> [2/7] Configurando Git globalmente...
>>> [3/7] Verificando Node.js...
Instalando Node.js 20...
2025-11-30 14:53:53 - Installing pre-requisites
Hit:1 http://security.ubuntu.com/ubuntu noble-security InRelease
Hit:2 http://ao.archive.ubuntu.com/ubuntu noble InRelease
Hit:3 http://ao.archive.ubuntu.com/ubuntu noble-updates InRelease
Hit:4 http://ao.archive.ubuntu.com/ubuntu noble-backports InRelease
Reading package lists... Done
Building dependency tree... Done
Reading state information... Done
All packages are up to date.
Reading package lists... Done
Building dependency tree... Done
Reading state information... Done
ca-certificates is already the newest version (20240203).
ca-certificates set to manually installed.
curl is already the newest version (8.5.0-2ubuntu10.6).
gnupg is already the newest version (2.4.4-2ubuntu17.3).
gnupg set to manually installed.
The following NEW packages will be installed:
  apt-transport-https
0 upgraded, 1 newly installed, 0 to remove and 0 not upgraded.
Need to get 3,970 B of archives.
After this operation, 36.9 kB of additional disk space will be used.
Get:1 http://ao.archive.ubuntu.com/ubuntu noble-updates/universe amd64 apt-transport-https all 2.8.3 [3,970 B]
Fetched 3,970 B in 1s (7,829 B/s)
Selecting previously unselected package apt-transport-https.
(Reading database ... 89520 files and directories currently installed.)
Preparing to unpack .../apt-transport-https_2.8.3_all.deb ...
Unpacking apt-transport-https (2.8.3) ...
Setting up apt-transport-https (2.8.3) ...
Scanning processes...
Scanning candidates...
Scanning linux images...

Running kernel seems to be up-to-date.

Restarting services...

Service restarts being deferred:
 /etc/needrestart/restart.d/dbus.service
 systemctl restart systemd-logind.service
 systemctl restart unattended-upgrades.service

No containers need to be restarted.

User sessions running outdated binaries:
 herman @ session #2: login[865]
 herman @ user manager service: systemd[1180]

No VM guests are running outdated hypervisor (qemu) binaries on this host.
Hit:1 http://security.ubuntu.com/ubuntu noble-security InRelease
Hit:2 http://ao.archive.ubuntu.com/ubuntu noble InRelease
Hit:3 http://ao.archive.ubuntu.com/ubuntu noble-updates InRelease
Hit:4 http://ao.archive.ubuntu.com/ubuntu noble-backports InRelease
Get:5 https://deb.nodesource.com/node_20.x nodistro InRelease [12.1 kB]
Get:6 https://deb.nodesource.com/node_20.x nodistro/main amd64 Packages [13.0 kB]
Fetched 25.1 kB in 1s (18.2 kB/s)
Reading package lists... Done
Building dependency tree... Done
Reading state information... Done
All packages are up to date.
2025-11-30 14:54:01 - Repository configured successfully.
2025-11-30 14:54:01 - To install Node.js, run: apt install nodejs -y
2025-11-30 14:54:01 - You can use N|solid Runtime as a node.js alternative
2025-11-30 14:54:01 - To install N|solid Runtime, run: apt install nsolid -y

Reading package lists... Done
Building dependency tree... Done
Reading state information... Done
The following NEW packages will be installed:
  nodejs
0 upgraded, 1 newly installed, 0 to remove and 0 not upgraded.
Need to get 32.0 MB of archives.
After this operation, 197 MB of additional disk space will be used.
Get:1 https://deb.nodesource.com/node_20.x nodistro/main amd64 nodejs amd64 20.19.6-1nodesource1 [32.0 MB]
Fetched 32.0 MB in 6s (5,699 kB/s)
Selecting previously unselected package nodejs.
(Reading database ... 89524 files and directories currently installed.)
Preparing to unpack .../nodejs_20.19.6-1nodesource1_amd64.deb ...
Unpacking nodejs (20.19.6-1nodesource1) ...
Setting up nodejs (20.19.6-1nodesource1) ...
Processing triggers for man-db (2.12.0-4build2) ...
Scanning processes...
Scanning candidates...
Scanning linux images...

Running kernel seems to be up-to-date.

Restarting services...

Service restarts being deferred:
 /etc/needrestart/restart.d/dbus.service
 systemctl restart systemd-logind.service
 systemctl restart unattended-upgrades.service

No containers need to be restarted.

User sessions running outdated binaries:
 herman @ session #2: login[865]
 herman @ user manager service: systemd[1180]

No VM guests are running outdated hypervisor (qemu) binaries on this host.
>>> [4/7] Preparando diretório da aplicação...
Usuário nodeapp criado
>>> [5/7] Clonando/Copiando código e instalando dependências...
cp: 'init-db.sh' and '/var/www/gestor-financeiro/init-db.sh' are the same file
root@hermantest:/home/herman/finance.ao#
root@hermantest:/home/herman/finance.ao#
root@hermantest:/home/herman/finance.ao#
root@hermantest:/home/herman/finance.ao# sudo bash deploy.sh
>>> [1/7] Atualizando sistema...
Hit:1 http://security.ubuntu.com/ubuntu noble-security InRelease
Hit:2 http://ao.archive.ubuntu.com/ubuntu noble InRelease
Hit:3 http://ao.archive.ubuntu.com/ubuntu noble-updates InRelease
Hit:4 https://deb.nodesource.com/node_20.x nodistro InRelease
Hit:5 http://ao.archive.ubuntu.com/ubuntu noble-backports InRelease
Reading package lists... Done
Reading package lists... Done
Building dependency tree... Done
Reading state information... Done
curl is already the newest version (8.5.0-2ubuntu10.6).
git is already the newest version (1:2.43.0-1ubuntu7.3).
build-essential is already the newest version (12.10ubuntu1).
0 upgraded, 0 newly installed, 0 to remove and 0 not upgraded.
>>> [2/7] Configurando Git globalmente...
>>> [3/7] Verificando Node.js...
Node.js já instalado: v20.19.6
>>> [4/7] Preparando diretório da aplicação...
>>> [5/7] Clonando/Copiando código e instalando dependências...
cp: 'init-db.sh' and '/var/www/gestor-financeiro/init-db.sh' are the same file
root@hermantest:/home/herman/finance.ao#
root@hermantest:/home/herman/finance.ao#
root@hermantest:/home/herman/finance.ao#
root@hermantest:/home/herman/finance.ao# cd -
/home/herman
root@hermantest:/home/herman# ls
finance.ao
root@hermantest:/home/herman# rm -r finance.ao
root@hermantest:/home/herman# git clone https://github.com/wekontrol/finance.ao
Cloning into 'finance.ao'...
remote: Enumerating objects: 329, done.
remote: Counting objects: 100% (329/329), done.
remote: Compressing objects: 100% (223/223), done.
remote: Total 329 (delta 173), reused 250 (delta 100), pack-reused 0 (from 0)
Receiving objects: 100% (329/329), 1.07 MiB | 1005.00 KiB/s, done.
Resolving deltas: 100% (173/173), done.
root@hermantest:/home/herman# cd finance.ao
root@hermantest:/home/herman/finance.ao# sudo bash deploy.sh
>>> [1/7] Atualizando sistema...
Hit:1 https://deb.nodesource.com/node_20.x nodistro InRelease
Hit:2 http://ao.archive.ubuntu.com/ubuntu noble InRelease
Hit:3 http://security.ubuntu.com/ubuntu noble-security InRelease
Hit:4 http://ao.archive.ubuntu.com/ubuntu noble-updates InRelease
Hit:5 http://ao.archive.ubuntu.com/ubuntu noble-backports InRelease
Reading package lists... Done
Reading package lists... Done
Building dependency tree... Done
Reading state information... Done
curl is already the newest version (8.5.0-2ubuntu10.6).
git is already the newest version (1:2.43.0-1ubuntu7.3).
build-essential is already the newest version (12.10ubuntu1).
0 upgraded, 0 newly installed, 0 to remove and 0 not upgraded.
>>> [2/7] Configurando Git globalmente...
>>> [3/7] Verificando Node.js...
Node.js já instalado: v20.19.6
>>> [4/7] Preparando diretório da aplicação...
>>> [5/7] Instalando dependências npm...
npm notice
npm notice New major version of npm available! 10.8.2 -> 11.6.4
npm notice Changelog: https://github.com/npm/cli/releases/tag/v11.6.4
npm notice To update run: npm install -g npm@11.6.4
npm notice
Compilando frontend...
dist/assets/html2canvas.esm-CBrSDip1.js  201.42 kB │ gzip:  48.03 kB
dist/assets/pdf-D1kK-7Cp.js              398.49 kB │ gzip: 131.01 kB
dist/assets/charts-DAehIZ_w.js           433.39 kB │ gzip: 114.73 kB
dist/assets/index-Cnd6yIsW.js            723.88 kB │ gzip: 166.05 kB
✓ built in 9.14s
>>> [6/7] Configurando PostgreSQL...
Instalando PostgreSQL...
Reading package lists... Done
Building dependency tree... Done
Reading state information... Done
The following additional packages will be installed:
  libcommon-sense-perl libjson-perl libjson-xs-perl libllvm17t64 libpq5 libtypes-serialiser-perl postgresql-16
  postgresql-client-16 postgresql-client-common postgresql-common ssl-cert
Suggested packages:
  postgresql-doc postgresql-doc-16
The following NEW packages will be installed:
  libcommon-sense-perl libjson-perl libjson-xs-perl libllvm17t64 libpq5 libtypes-serialiser-perl postgresql
  postgresql-16 postgresql-client-16 postgresql-client-common postgresql-common postgresql-contrib ssl-cert
0 upgraded, 13 newly installed, 0 to remove and 0 not upgraded.
Need to get 43.6 MB of archives.
After this operation, 175 MB of additional disk space will be used.
Get:1 http://ao.archive.ubuntu.com/ubuntu noble/main amd64 libjson-perl all 4.10000-1 [81.9 kB]
Get:2 http://ao.archive.ubuntu.com/ubuntu noble-updates/main amd64 postgresql-client-common all 257build1.1 [36.4 kB]
Get:3 http://ao.archive.ubuntu.com/ubuntu noble/main amd64 ssl-cert all 1.1.2ubuntu1 [17.8 kB]
Get:4 http://ao.archive.ubuntu.com/ubuntu noble-updates/main amd64 postgresql-common all 257build1.1 [161 kB]
Get:5 http://ao.archive.ubuntu.com/ubuntu noble/main amd64 libcommon-sense-perl amd64 3.75-3build3 [20.4 kB]
Get:6 http://ao.archive.ubuntu.com/ubuntu noble/main amd64 libtypes-serialiser-perl all 1.01-1 [11.6 kB]
Get:7 http://ao.archive.ubuntu.com/ubuntu noble-updates/main amd64 libjson-xs-perl amd64 4.040-0ubuntu0.24.04.1 [83.7 kB]
Get:8 http://ao.archive.ubuntu.com/ubuntu noble/main amd64 libllvm17t64 amd64 1:17.0.6-9ubuntu1 [26.2 MB]
Get:9 http://ao.archive.ubuntu.com/ubuntu noble-updates/main amd64 libpq5 amd64 16.10-0ubuntu0.24.04.1 [144 kB]
Get:10 http://ao.archive.ubuntu.com/ubuntu noble-updates/main amd64 postgresql-client-16 amd64 16.10-0ubuntu0.24.04.1 [1,297 kB]
Get:11 http://ao.archive.ubuntu.com/ubuntu noble-updates/main amd64 postgresql-16 amd64 16.10-0ubuntu0.24.04.1 [15.5 MB]
Get:12 http://ao.archive.ubuntu.com/ubuntu noble-updates/main amd64 postgresql all 16+257build1.1 [11.6 kB]
Get:13 http://ao.archive.ubuntu.com/ubuntu noble-updates/main amd64 postgresql-contrib all 16+257build1.1 [11.6 kB]
Fetched 43.6 MB in 9s (4,614 kB/s)
Preconfiguring packages ...
Selecting previously unselected package libjson-perl.
(Reading database ... 94887 files and directories currently installed.)
Preparing to unpack .../00-libjson-perl_4.10000-1_all.deb ...
Unpacking libjson-perl (4.10000-1) ...
Selecting previously unselected package postgresql-client-common.
Preparing to unpack .../01-postgresql-client-common_257build1.1_all.deb ...
Unpacking postgresql-client-common (257build1.1) ...
Selecting previously unselected package ssl-cert.
Preparing to unpack .../02-ssl-cert_1.1.2ubuntu1_all.deb ...
Unpacking ssl-cert (1.1.2ubuntu1) ...
Selecting previously unselected package postgresql-common.
Preparing to unpack .../03-postgresql-common_257build1.1_all.deb ...
Adding 'diversion of /usr/bin/pg_config to /usr/bin/pg_config.libpq-dev by postgresql-common'
Unpacking postgresql-common (257build1.1) ...
Selecting previously unselected package libcommon-sense-perl:amd64.
Preparing to unpack .../04-libcommon-sense-perl_3.75-3build3_amd64.deb ...
Unpacking libcommon-sense-perl:amd64 (3.75-3build3) ...
Selecting previously unselected package libtypes-serialiser-perl.
Preparing to unpack .../05-libtypes-serialiser-perl_1.01-1_all.deb ...
Unpacking libtypes-serialiser-perl (1.01-1) ...
Selecting previously unselected package libjson-xs-perl.
Preparing to unpack .../06-libjson-xs-perl_4.040-0ubuntu0.24.04.1_amd64.deb ...
Unpacking libjson-xs-perl (4.040-0ubuntu0.24.04.1) ...
Selecting previously unselected package libllvm17t64:amd64.
Preparing to unpack .../07-libllvm17t64_1%3a17.0.6-9ubuntu1_amd64.deb ...
Unpacking libllvm17t64:amd64 (1:17.0.6-9ubuntu1) ...
Selecting previously unselected package libpq5:amd64.
Preparing to unpack .../08-libpq5_16.10-0ubuntu0.24.04.1_amd64.deb ...
Unpacking libpq5:amd64 (16.10-0ubuntu0.24.04.1) ...
Selecting previously unselected package postgresql-client-16.
Preparing to unpack .../09-postgresql-client-16_16.10-0ubuntu0.24.04.1_amd64.deb ...
Unpacking postgresql-client-16 (16.10-0ubuntu0.24.04.1) ...
Selecting previously unselected package postgresql-16.
Preparing to unpack .../10-postgresql-16_16.10-0ubuntu0.24.04.1_amd64.deb ...
Unpacking postgresql-16 (16.10-0ubuntu0.24.04.1) ...
Selecting previously unselected package postgresql.
Preparing to unpack .../11-postgresql_16+257build1.1_all.deb ...
Unpacking postgresql (16+257build1.1) ...
Selecting previously unselected package postgresql-contrib.
Preparing to unpack .../12-postgresql-contrib_16+257build1.1_all.deb ...
Unpacking postgresql-contrib (16+257build1.1) ...
Setting up postgresql-client-common (257build1.1) ...
Setting up libpq5:amd64 (16.10-0ubuntu0.24.04.1) ...
Setting up libcommon-sense-perl:amd64 (3.75-3build3) ...
Setting up libllvm17t64:amd64 (1:17.0.6-9ubuntu1) ...
Setting up ssl-cert (1.1.2ubuntu1) ...
Created symlink /etc/systemd/system/multi-user.target.wants/ssl-cert.service → /usr/lib/systemd/system/ssl-cert.service.
Setting up libtypes-serialiser-perl (1.01-1) ...
Setting up libjson-perl (4.10000-1) ...
Setting up libjson-xs-perl (4.040-0ubuntu0.24.04.1) ...
Setting up postgresql-client-16 (16.10-0ubuntu0.24.04.1) ...
update-alternatives: using /usr/share/postgresql/16/man/man1/psql.1.gz to provide /usr/share/man/man1/psql.1.gz (psql.1.gz) in auto mode
Setting up postgresql-common (257build1.1) ...

Creating config file /etc/postgresql-common/createcluster.conf with new version
Building PostgreSQL dictionaries from installed myspell/hunspell packages...
Removing obsolete dictionary files:
Created symlink /etc/systemd/system/multi-user.target.wants/postgresql.service → /usr/lib/systemd/system/postgresql.service.
Setting up postgresql-16 (16.10-0ubuntu0.24.04.1) ...
Creating new PostgreSQL cluster 16/main ...
/usr/lib/postgresql/16/bin/initdb -D /var/lib/postgresql/16/main --auth-local peer --auth-host scram-sha-256 --no-instructions
The files belonging to this database system will be owned by user "postgres".
This user must also own the server process.

The database cluster will be initialized with locale "en_US.UTF-8".
The default database encoding has accordingly been set to "UTF8".
The default text search configuration will be set to "english".

Data page checksums are disabled.

fixing permissions on existing directory /var/lib/postgresql/16/main ... ok
creating subdirectories ... ok
selecting dynamic shared memory implementation ... posix
selecting default max_connections ... 100
selecting default shared_buffers ... 128MB
selecting default time zone ... Etc/UTC
creating configuration files ... ok
running bootstrap script ... ok
performing post-bootstrap initialization ... ok
syncing data to disk ... ok
Setting up postgresql-contrib (16+257build1.1) ...
Setting up postgresql (16+257build1.1) ...
Processing triggers for man-db (2.12.0-4build2) ...
Processing triggers for libc-bin (2.39-0ubuntu8.6) ...
Scanning processes...
Scanning candidates...
Scanning linux images...

Running kernel seems to be up-to-date.

Restarting services...

Service restarts being deferred:
 /etc/needrestart/restart.d/dbus.service
 systemctl restart systemd-logind.service
 systemctl restart unattended-upgrades.service

No containers need to be restarted.

User sessions running outdated binaries:
 herman @ session #2: login[865]
 herman @ user manager service: systemd[1180]

No VM guests are running outdated hypervisor (qemu) binaries on this host.
Synchronizing state of postgresql.service with SysV service script with /usr/lib/systemd/systemd-sysv-install.
Executing: /usr/lib/systemd/systemd-sysv-install enable postgresql
ERROR:  syntax error at or near "CASCADE"
LINE 1: DROP USER IF EXISTS gestor_user CASCADE;
                                        ^
CREATE ROLE
ALTER ROLE
NOTICE:  database "gestor_financeiro" does not exist, skipping
DROP DATABASE
CREATE DATABASE
ALTER DATABASE
GRANT

═══════════════════════════════════════════════════════════
✓ PostgreSQL configurado!
Utilizador: gestor_user
Base de dados: gestor_financeiro
═══════════════════════════════════════════════════════════

>>> [7/7] Criando serviço systemd...
Created symlink /etc/systemd/system/multi-user.target.wants/gestor-financeiro.service → /etc/systemd/system/gestor-financeiro.service.

✓ SUCESSO! Aplicação está rodando!
✓ URL: http://192.168.5.49:5000
✓ Credenciais: admin / admin

Comandos:
  Ver logs: sudo journalctl -u gestor-financeiro -f
  Status: sudo systemctl status gestor-financeiro
root@hermantest:/home/herman/finance.ao# sudo journalctl -u gestor-financeiro -f
sudo systemctl status gestor-financeiro
Nov 30 15:09:53 hermantest gestor-financeiro[13463]:   hasSession: true,
Nov 30 15:09:53 hermantest gestor-financeiro[13463]:   userId: undefined,
Nov 30 15:09:53 hermantest gestor-financeiro[13463]:   sessionId: 'J9vjSrseYEuV3fppNjaB4ucRmqpMsSh4',
Nov 30 15:09:53 hermantest gestor-financeiro[13463]:   cookies: 'NO'
Nov 30 15:09:53 hermantest gestor-financeiro[13463]: }
Nov 30 15:09:53 hermantest gestor-financeiro[13463]: [AI Planning Auth Failed] No userId in session
Nov 30 15:10:21 hermantest gestor-financeiro[13463]: ✅ Translations loaded from JSON files
Nov 30 15:10:21 hermantest gestor-financeiro[13463]: ✅ Database initialized successfully
Nov 30 15:10:21 hermantest gestor-financeiro[13463]: PostgreSQL sessions table initialized
Nov 30 15:10:21 hermantest gestor-financeiro[13463]: ✅ Database initialization completed
Nov 30 15:11:02 hermantest gestor-financeiro[13463]: ✓ Created 16 default budgets for user u1764515461797
Nov 30 15:11:14 hermantest gestor-financeiro[13463]: Auto-saved budget history for user u1764515461797: 16 categories from 2025-10
Nov 30 15:11:21 hermantest gestor-financeiro[13463]: [AI Planning Auth Debug] {
Nov 30 15:11:21 hermantest gestor-financeiro[13463]:   hasSession: true,
Nov 30 15:11:21 hermantest gestor-financeiro[13463]:   userId: undefined,
Nov 30 15:11:21 hermantest gestor-financeiro[13463]:   sessionId: 'ehPdbnCXgwfMReh50BpQLCi2tyD8hoTL',
Nov 30 15:11:21 hermantest gestor-financeiro[13463]:   cookies: 'NO'
Nov 30 15:11:21 hermantest gestor-financeiro[13463]: }
Nov 30 15:11:21 hermantest gestor-financeiro[13463]: [AI Planning Auth Failed] No userId in session
Nov 30 15:11:33 hermantest gestor-financeiro[13463]: [GET /api-config] Provider: google_gemini
Nov 30 15:11:33 hermantest gestor-financeiro[13463]: [GET /api-config] No config found for google_gemini
Nov 30 15:11:37 hermantest gestor-financeiro[13463]: [GET /api-config] Provider: google_gemini
Nov 30 15:11:37 hermantest gestor-financeiro[13463]: [GET /api-config] No config found for google_gemini
Nov 30 15:12:18 hermantest gestor-financeiro[13463]: [GET /rates] Live rates fetched. USD->AOA: 916.59380263
Nov 30 15:12:24 hermantest gestor-financeiro[13463]: [GET /api-config] Provider: google_gemini
Nov 30 15:12:24 hermantest gestor-financeiro[13463]: [GET /api-config] No config found for google_gemini
^C
● gestor-financeiro.service - Gestor Financeiro Familiar - Node.js Application
     Loaded: loaded (/etc/systemd/system/gestor-financeiro.service; enabled; preset: enabled)
     Active: active (running) since Sun 2025-11-30 15:08:58 UTC; 3min 40s ago
    Process: 13304 ExecStartPre=/bin/bash /var/www/gestor-financeiro/init-db.sh /var/www/gestor-financeiro (code=exi>
   Main PID: 13368 (npm start)
      Tasks: 41 (limit: 2267)
     Memory: 92.5M (peak: 145.8M)
        CPU: 3.623s
     CGroup: /system.slice/gestor-financeiro.service
             ├─13368 "npm start"
             ├─13381 sh -c "bash init-db.sh . && NODE_ENV=production tsx server/index.ts"
             ├─13452 node /var/www/gestor-financeiro/node_modules/.bin/tsx server/index.ts
             ├─13463 /usr/bin/node --require /var/www/gestor-financeiro/node_modules/tsx/dist/preflight.cjs --import>
             └─13475 /var/www/gestor-financeiro/node_modules/@esbuild/linux-x64/bin/esbuild --service=0.25.12 --ping

Nov 30 15:11:21 hermantest gestor-financeiro[13463]:   cookies: 'NO'
Nov 30 15:11:21 hermantest gestor-financeiro[13463]: }
Nov 30 15:11:21 hermantest gestor-financeiro[13463]: [AI Planning Auth Failed] No userId in session
Nov 30 15:11:33 hermantest gestor-financeiro[13463]: [GET /api-config] Provider: google_gemini
Nov 30 15:11:33 hermantest gestor-financeiro[13463]: [GET /api-config] No config found for google_gemini
Nov 30 15:11:37 hermantest gestor-financeiro[13463]: [GET /api-config] Provider: google_gemini
Nov 30 15:11:37 hermantest gestor-financeiro[13463]: [GET /api-config] No config found for google_gemini
Nov 30 15:12:18 hermantest gestor-financeiro[13463]: [GET /rates] Live rates fetched. USD->AOA: 916.59380263
Nov 30 15:12:24 hermantest gestor-financeiro[13463]: [GET /api-config] Provider: google_gemini
Nov 30 15:12:24 hermantest gestor-financeiro[13463]: [GET /api-config] No config found for google_gemini
...skipping...
● gestor-financeiro.service - Gestor Financeiro Familiar - Node.js Application
     Loaded: loaded (/etc/systemd/system/gestor-financeiro.service; enabled; preset: enabled)
     Active: active (running) since Sun 2025-11-30 15:08:58 UTC; 3min 40s ago
    Process: 13304 ExecStartPre=/bin/bash /var/www/gestor-financeiro/init-db.sh /var/www/gestor-financeiro (code=exi>
   Main PID: 13368 (npm start)
      Tasks: 41 (limit: 2267)
     Memory: 92.5M (peak: 145.8M)
        CPU: 3.623s
     CGroup: /system.slice/gestor-financeiro.service
             ├─13368 "npm start"
             ├─13381 sh -c "bash init-db.sh . && NODE_ENV=production tsx server/index.ts"
             ├─13452 node /var/www/gestor-financeiro/node_modules/.bin/tsx server/index.ts
             ├─13463 /usr/bin/node --require /var/www/gestor-financeiro/node_modules/tsx/dist/preflight.cjs --import>
             └─13475 /var/www/gestor-financeiro/node_modules/@esbuild/linux-x64/bin/esbuild --service=0.25.12 --ping

Nov 30 15:11:21 hermantest gestor-financeiro[13463]:   cookies: 'NO'
Nov 30 15:11:21 hermantest gestor-financeiro[13463]: }
Nov 30 15:11:21 hermantest gestor-financeiro[13463]: [AI Planning Auth Failed] No userId in session
Nov 30 15:11:33 hermantest gestor-financeiro[13463]: [GET /api-config] Provider: google_gemini
Nov 30 15:11:33 hermantest gestor-financeiro[13463]: [GET /api-config] No config found for google_gemini
Nov 30 15:11:37 hermantest gestor-financeiro[13463]: [GET /api-config] Provider: google_gemini
Nov 30 15:11:37 hermantest gestor-financeiro[13463]: [GET /api-config] No config found for google_gemini
Nov 30 15:12:18 hermantest gestor-financeiro[13463]: [GET /rates] Live rates fetched. USD->AOA: 916.59380263
Nov 30 15:12:24 hermantest gestor-financeiro[13463]: [GET /api-config] Provider: google_gemini
Nov 30 15:12:24 hermantest gestor-financeiro[13463]: [GET /api-config] No config found for google_gemini
~
~
~
~
~
~