root@hermantest:/home/herman/finance.ao# cd /home/herman/finance.ao
sudo rm -rf /var/www/gestor-financeiro
sudo bash deploy.sh
>>> [1/7] Atualizando sistema...
Hit:1 http://security.ubuntu.com/ubuntu noble-security InRelease
Hit:2 https://deb.nodesource.com/node_20.x nodistro InRelease
Hit:3 http://ao.archive.ubuntu.com/ubuntu noble InRelease
Hit:4 http://ao.archive.ubuntu.com/ubuntu noble-updates InRelease
Hit:5 http://ao.archive.ubuntu.com/ubuntu noble-backports InRelease
Reading package lists... Done
Reading package lists... Done
Building dependency tree... Done
Reading state information... Done
curl is already the newest version (8.5.0-2ubuntu10.6).
git is already the newest version (1:2.43.0-1ubuntu7.3).
build-essential is already the newest version (12.10ubuntu1).
0 upgraded, 0 newly installed, 0 to remove and 0 not upgraded.
>>> [2/7] Configurando Git globalmente...
>>> [3/7] Verificando Node.js...
Node.js já instalado: v20.19.6
>>> [4/7] Preparando diretório da aplicação...
>>> [5/7] Instalando dependências npm...
Limpando dependências antigas...
✓ Limpeza concluída
Instalando dependências npm...
npm error
npm error If you believe this might be a permissions issue, please double-check the
npm error permissions of the file and its containing directories, or try running
npm error the command again as root/Administrator.
npm error A complete log of this run can be found in: /home/nodeapp/.npm/_logs/2025-11-30T15_54_27_724Z-debug-0.log
Compilando frontend...

> gestor-financeiro-familiar@1.0.3 build
> vite build

sh: 1: vite: not found
>>> [6/7] Configurando PostgreSQL...
Synchronizing state of postgresql.service with SysV service script with /usr/lib/systemd/systemd-sysv-install.
Executing: /usr/lib/systemd/systemd-sysv-install enable postgresql
DROP DATABASE
DROP ROLE
CREATE ROLE
ALTER ROLE
CREATE DATABASE
ALTER DATABASE
GRANT

═══════════════════════════════════════════════════════════
✓ PostgreSQL configurado!
Utilizador: gestor_user
Base de dados: gestor_financeiro
═══════════════════════════════════════════════════════════

>>> [7/7] Finalizando configuração...
Criando serviço systemd...

✓ SUCESSO! Aplicação está rodando!
✓ URL: http://192.168.5.49:5000
✓ Credenciais: admin / admin

Comandos:
  Ver logs: sudo journalctl -u gestor-financeiro -f
  Status: sudo systemctl status gestor-financeiro
root@hermantest:/home/herman/finance.ao#
